Traceback (most recent call last):
  File "/usr/lib/python3.11/urllib/request.py", line 1361, in do_open
    h.request(req.get_method(), req.selector, req.data, headers,
  File "/usr/lib/python3.11/http/client.py", line 1351, in request
    self._send_request(method, url, body, headers, encode_chunked)
  File "/usr/lib/python3.11/http/client.py", line 1397, in _send_request
    self.endheaders(body, encode_chunked=encode_chunked)
  File "/usr/lib/python3.11/http/client.py", line 1346, in endheaders
    self._send_output(message_body, encode_chunked=encode_chunked)
  File "/usr/lib/python3.11/http/client.py", line 1106, in _send_output
    self.send(msg)
  File "/usr/lib/python3.11/http/client.py", line 1044, in send
    self.connect()
  File "/usr/lib/python3.11/http/client.py", line 1523, in connect
    self.sock = self._context.wrap_socket(self.sock,
                ^^^^^^^^^^^^^^^^^^^^^^^^^^^^^^^^^^^^
  File "/usr/lib/python3.11/ssl.py", line 517, in wrap_socket
    return self.sslsocket_class._create(
           ^^^^^^^^^^^^^^^^^^^^^^^^^^^^^
  File "/usr/lib/python3.11/ssl.py", line 1117, in _create
    self.do_handshake()
  File "/usr/lib/python3.11/ssl.py", line 1395, in do_handshake
    self._sslobj.do_handshake()
ConnectionResetError: [Errno 104] Connection reset by peer

During handling of the above exception, another exception occurred:

Traceback (most recent call last):
  File "/home/user/ctipilot/tools/fetch_source.py", line 3200, in <module>
    sys.exit(main(sys.argv[1:]))
             ^^^^^^^^^^^^^^^^^^
  File "/home/user/ctipilot/tools/fetch_source.py", line 3037, in main
    sys.stdout.write(fetch_text(args.url))
                     ^^^^^^^^^^^^^^^^^^^^
  File "/home/user/ctipilot/tools/fetch_source.py", line 502, in fetch_text
    code, body, _ = fetch(url, accept=accept)
                    ^^^^^^^^^^^^^^^^^^^^^^^^^
  File "/home/user/ctipilot/tools/fetch_source.py", line 488, in fetch
    with _OPENER.open(req, timeout=DEFAULT_TIMEOUT) as resp:
         ^^^^^^^^^^^^^^^^^^^^^^^^^^^^^^^^^^^^^^^^^^
  File "/usr/lib/python3.11/urllib/request.py", line 519, in open
    response = self._open(req, data)
               ^^^^^^^^^^^^^^^^^^^^^
  File "/usr/lib/python3.11/urllib/request.py", line 536, in _open
    result = self._call_chain(self.handle_open, protocol, protocol +
             ^^^^^^^^^^^^^^^^^^^^^^^^^^^^^^^^^^^^^^^^^^^^^^^^^^^^^^^
  File "/usr/lib/python3.11/urllib/request.py", line 496, in _call_chain
    result = func(*args)
             ^^^^^^^^^^^
  File "/usr/lib/python3.11/urllib/request.py", line 1404, in https_open
    return self.do_open(http.client.HTTPSConnection, req,
           ^^^^^^^^^^^^^^^^^^^^^^^^^^^^^^^^^^^^^^^^^^^^^^
  File "/usr/lib/python3.11/urllib/request.py", line 1364, in do_open
    raise URLError(err)
urllib.error.URLError: <urlopen error [Errno 104] Connection reset by peer>
